Flutter crash report.
Please report a bug at https://github.com/flutter/flutter/issues.

## command

flutter run

## exception

_TypeError: Null check operator used on a null value

```
#0      ResidentHandlers.debugDumpFocusTree (package:flutter_tools/src/resident_runner.dart:668:62)
#1      TerminalHandler._commonTerminalInputHandler (package:flutter_tools/src/resident_runner.dart:1832:31)
#2      TerminalHandler.processTerminalInput (package:flutter_tools/src/resident_runner.dart:1937:13)
#3      _rootRunUnary (dart:async/zone_root.dart:48:47)
#4      _CustomZone.runUnary (dart:async/zone.dart:816:35)
#5      _CustomZone.runUnaryGuarded (dart:async/zone.dart:710:7)
#6      _BufferingStreamSubscription._sendData (dart:async/stream_impl.dart:381:11)
#7      _BufferingStreamSubscription._add (dart:async/stream_impl.dart:312:7)
#8      _SyncBroadcastStreamController._sendData (dart:async/broadcast_stream_controller.dart:385:25)
#9      _BroadcastStreamController.add (dart:async/broadcast_stream_controller.dart:257:5)
#10     _AsBroadcastStreamController.add (dart:async/broadcast_stream_controller.dart:488:11)
#11     _rootRunUnary (dart:async/zone_root.dart:48:47)
#12     _CustomZone.runUnary (dart:async/zone.dart:816:35)
#13     _CustomZone.runUnaryGuarded (dart:async/zone.dart:710:7)
#14     _BufferingStreamSubscription._sendData (dart:async/stream_impl.dart:381:11)
#15     _BufferingStreamSubscription._add (dart:async/stream_impl.dart:312:7)
#16     _SinkTransformerStreamSubscription._add (dart:async/stream_transformers.dart:67:11)
#17     _EventSinkWrapper.add (dart:async/stream_transformers.dart:13:11)
#18     _StringAdapterSink.add (dart:convert/string_conversion.dart:231:11)
#19     _StringAdapterSink.addSlice (dart:convert/string_conversion.dart:236:7)
#20     _Utf8ConversionSink.addSlice (dart:convert/string_conversion.dart:316:20)
#21     _ErrorHandlingAsciiDecoderSink.addSlice (dart:convert/ascii.dart:292:17)
#22     _ErrorHandlingAsciiDecoderSink.add (dart:convert/ascii.dart:278:5)
#23     _ConverterStreamEventSink.add (dart:convert/chunked_conversion.dart:70:18)
#24     _SinkTransformerStreamSubscription._handleData (dart:async/stream_transformers.dart:115:24)
#25     _rootRunUnary (dart:async/zone_root.dart:48:47)
#26     _CustomZone.runUnary (dart:async/zone.dart:816:35)
#27     _CustomZone.runUnaryGuarded (dart:async/zone.dart:710:7)
#28     _BufferingStreamSubscription._sendData (dart:async/stream_impl.dart:381:11)
#29     _BufferingStreamSubscription._add (dart:async/stream_impl.dart:312:7)
#30     _SyncStreamControllerDispatch._sendData (dart:async/stream_controller.dart:798:19)
#31     _StreamController._add (dart:async/stream_controller.dart:663:7)
#32     _StreamController.add (dart:async/stream_controller.dart:618:5)
#33     _Socket._onData (dart:io-patch/socket_patch.dart:2906:41)
#34     _rootRunUnary (dart:async/zone_root.dart:56:13)
#35     _CustomZone.runUnary (dart:async/zone.dart:816:35)
#36     _CustomZone.runUnaryGuarded (dart:async/zone.dart:710:7)
#37     _BufferingStreamSubscription._sendData (dart:async/stream_impl.dart:381:11)
#38     _BufferingStreamSubscription._add (dart:async/stream_impl.dart:312:7)
#39     _SyncStreamControllerDispatch._sendData (dart:async/stream_controller.dart:798:19)
#40     _StreamController._add (dart:async/stream_controller.dart:663:7)
#41     _StreamController.add (dart:async/stream_controller.dart:618:5)
#42     new _RawSocket.<anonymous closure> (dart:io-patch/socket_patch.dart:2344:31)
#43     _NativeSocket.issueReadEvent.issue (dart:io-patch/socket_patch.dart:1679:14)
#44     _microtaskLoop (dart:async/schedule_microtask.dart:40:35)
#45     _startMicrotaskLoop (dart:async/schedule_microtask.dart:49:5)
#46     _runPendingImmediateCallback (dart:isolate-patch/isolate_patch.dart:127:13)
#47     _RawReceivePort._handleMessage (dart:isolate-patch/isolate_patch.dart:193:5)
```

## flutter doctor

```
[32m[✓][39m Flutter (Channel stable, 3.47.0, on Microsoft Windows [Version 10.0.19045.6466], locale en-UG) [2.5s]
    [32m•[39m Flutter version 3.47.0 on channel stable at D:\flutter_windows_3.47.0-stable\flutter
    [32m•[39m Upstream repository https://github.com/flutter/flutter.git
    [32m•[39m Framework revision 4cf2416426 (5 days ago), 2026-08-11 11:53:49 -0700
    [32m•[39m Engine revision 5f77625673
    [32m•[39m Dart version 3.13.0
    [32m•[39m DevTools version 2.60.0
    [32m•[39m Feature flags: enable-web, enable-linux-desktop, enable-macos-desktop, enable-windows-desktop, enable-android, enable-ios, cli-animations, enable-native-assets,
      enable-record-use, enable-swift-package-manager, omit-legacy-version-file, enable-lldb-debugging, enable-uiscene-migration

[32m[✓][39m Windows Version (10 Pro 64-bit, 22H2, 2009) [8.9s]

[31m[✗][39m Android toolchain - develop for Android devices [911ms]
    [32m•[39m Android SDK at C:\Users\DELL\AppData\Local\Android\sdk
    [32m•[39m Emulator version unknown
    [31m✗[39m cmdline-tools component is missing.
      Try installing or updating Android Studio.
      Alternatively, download the tools from https://developer.android.com/studio#command-line-tools-only and make sure to set the ANDROID_HOME environment variable.
      See https://developer.android.com/studio/command-line for more details.

[32m[✓][39m Chrome - develop for the web [835ms]
    [32m•[39m Chrome at C:\Users\DELL\AppData\Local\Google\Chrome\Application\chrome.exe

[31m[✗][39m Visual Studio - develop Windows apps [833ms]
    [31m✗[39m Visual Studio not installed; this is necessary to develop Windows apps.
      Download at https://visualstudio.microsoft.com/downloads/.
      Please install the "Desktop development with C++" workload, including all of its default components

[32m[✓][39m Connected device (3 available) [86ms]
    [32m•[39m Windows (desktop) • windows • windows-x64    • Microsoft Windows [Version 10.0.19045.6466]
    [32m•[39m Chrome (web)      • chrome  • web-javascript • Google Chrome 151.0.7922.138
    [32m•[39m Edge (web)        • edge    • web-javascript • Microsoft Edge 151.0.4129.78

[32m[✓][39m Network resources [1,373ms]
    [32m•[39m All expected network resources are available.

[33m![39m Doctor found issues in 2 categories.
```
